$ qemu-system-riscv64 -nographic -machine virt -bios obj/bbl/bbl

bbl loader
              vvvvvvvvvvvvvvvvvvvvvvvvvvvvvvvv
                  vvvvvvvvvvvvvvvvvvvvvvvvvvvv
rrrrrrrrrrrrr       vvvvvvvvvvvvvvvvvvvvvvvvvv
rrrrrrrrrrrrrrrr      vvvvvvvvvvvvvvvvvvvvvvvv
rrrrrrrrrrrrrrrrrr    vvvvvvvvvvvvvvvvvvvvvvvv
rrrrrrrrrrrrrrrrrr    vvvvvvvvvvvvvvvvvvvvvvvv
rrrrrrrrrrrrrrrrrr    vvvvvvvvvvvvvvvvvvvvvvvv
rrrrrrrrrrrrrrrr      vvvvvvvvvvvvvvvvvvvvvv  
rrrrrrrrrrrrr       vvvvvvvvvvvvvvvvvvvvvv    
rr                vvvvvvvvvvvvvvvvvvvvvv      
rr            vvvvvvvvvvvvvvvvvvvvvvvv      rr
rrrr      vvvvvvvvvvvvvvvvvvvvvvvvvv      rrrr
rrrrrr      vvvvvvvvvvvvvvvvvvvvvv      rrrrrr
rrrrrrrr      vvvvvvvvvvvvvvvvvv      rrrrrrrr
rrrrrrrrrr      vvvvvvvvvvvvvv      rrrrrrrrrr
rrrrrrrrrrrr      vvvvvvvvvv      rrrrrrrrrrrr
rrrrrrrrrrrrrr      vvvvvv      rrrrrrrrrrrrrr
rrrrrrrrrrrrrrrr      vv      rrrrrrrrrrrrrrrr
rrrrrrrrrrrrrrrrrr          rrrrrrrrrrrrrrrrrr
rrrrrrrrrrrrrrrrrrrr      rrrrrrrrrrrrrrrrrrrr
rrrrrrrrrrrrrrrrrrrrrr  rrrrrrrrrrrrrrrrrrrrrr

       INSTRUCTION SETS WANT TO BE FREE
[    0.000000] OF: fdt: Ignoring memory range 0x80000000 - 0x80200000
[    0.000000] Linux version 5.6.14 () (gcc version 9.2.0 (GCC)) #1 SMP Wed May 27 17:49:59 CST 2020
[    0.000000] initrd not found or empty - disabling initrd
[    0.000000] Zone ranges:
[    0.000000]   DMA32    [mem 0x0000000080200000-0x0000000087ffffff]
[    0.000000]   Normal   empty
[    0.000000] Movable zone start for each node
[    0.000000] Early memory node ranges
[    0.000000]   node   0: [mem 0x0000000080200000-0x0000000087ffffff]
[    0.000000] Initmem setup node 0 [mem 0x0000000080200000-0x0000000087ffffff]
[    0.000000] software IO TLB: mapped [mem 0x83e3a000-0x87e3a000] (64MB)
[    0.000000] elf_hwcap is 0x112d
[    0.000000] percpu: Embedded 17 pages/cpu s29336 r8192 d32104 u69632
[    0.000000] Built 1 zonelists, mobility grouping on.  Total pages: 31815
[    0.000000] Kernel command line: console=ttyS0
[    0.000000] Dentry cache hash table entries: 16384 (order: 5, 131072 bytes, linear)
[    0.000000] Inode-cache hash table entries: 8192 (order: 4, 65536 bytes, linear)
[    0.000000] Sorting __ex_table...
[    0.000000] mem auto-init: stack:off, heap alloc:off, heap free:off
[    0.000000] Memory: 57036K/129024K available (2205K kernel code, 209K rwdata, 774K rodata, 544K init, 239K bss, 71988K reserved, 0K cma-reserved)
[    0.000000] Virtual kernel memory layout:
[    0.000000]       fixmap : 0xffffffcefee00000 - 0xffffffceff000000   (2048 kB)
[    0.000000]       pci io : 0xffffffceff000000 - 0xffffffcf00000000   (  16 MB)
[    0.000000]      vmemmap : 0xffffffcf00000000 - 0xffffffcfffffffff   (4095 MB)
[    0.000000]      vmalloc : 0xffffffd000000000 - 0xffffffdfffffffff   (65535 MB)
[    0.000000]       lowmem : 0xffffffe000000000 - 0xffffffe007e00000   ( 126 MB)
[    0.000000] SLUB: HWalign=64, Order=0-3, MinObjects=0, CPUs=1, Nodes=1
[    0.000000] rcu: Hierarchical RCU implementation.
[    0.000000] rcu: 	RCU restricting CPUs from NR_CPUS=8 to nr_cpu_ids=1.
[    0.000000] rcu: 	RCU debug extended QS entry/exit.
[    0.000000] rcu: RCU calculated value of scheduler-enlistment delay is 25 jiffies.
[    0.000000] rcu: Adjusting geometry for rcu_fanout_leaf=16, nr_cpu_ids=1
[    0.000000] NR_IRQS: 0, nr_irqs: 0, preallocated irqs: 0
[    0.000000] plic: mapped 53 interrupts with 1 handlers for 2 contexts.
[    0.000000] riscv_timer_init_dt: Registering clocksource cpuid [0] hartid [0]
[    0.000000] clocksource: riscv_clocksource: mask: 0xffffffffffffffff max_cycles: 0x24e6a1710, max_idle_ns: 440795202120 ns
[    0.000665] sched_clock: 64 bits at 10MHz, resolution 100ns, wraps every 4398046511100ns
[    0.025935] Console: colour dummy device 80x25
[    0.031994] Calibrating delay loop (skipped), value calculated using timer frequency.. 20.00 BogoMIPS (lpj=40000)
[    0.032587] pid_max: default: 32768 minimum: 301
[    0.038270] Mount-cache hash table entries: 512 (order: 0, 4096 bytes, linear)
[    0.038363] Mountpoint-cache hash table entries: 512 (order: 0, 4096 bytes, linear)
[    0.154097] rcu: Hierarchical SRCU implementation.
[    0.168966] smp: Bringing up secondary CPUs ...
[    0.169253] smp: Brought up 1 node, 1 CPU
[    0.206224] devtmpfs: initialized
[    0.230370] random: get_random_u32 called from bucket_table_alloc.isra.0+0x4a/0x144 with crng_init=0
[    0.235918] clocksource: jiffies: mask: 0xffffffff max_cycles: 0xffffffff, max_idle_ns: 7645041785100000 ns
[    0.237101] futex hash table entries: 256 (order: 2, 16384 bytes, linear)
[    0.377054] clocksource: Switched to clocksource riscv_clocksource
[    0.509206] workingset: timestamp_bits=62 max_order=14 bucket_order=0
[    0.527647] Block layer SCSI generic (bsg) driver version 0.4 loaded (major 254)
[    0.528127] io scheduler mq-deadline registered
[    0.528538] io scheduler kyber registered
[    0.633463] Serial: 8250/16550 driver, 4 ports, IRQ sharing disabled
[    0.661615] printk: console [ttyS0] disabled
[    0.666664] 10000000.uart: ttyS0 at MMIO 0x10000000 (irq = 2, base_baud = 230400) is a 16550A
[    0.692069] printk: console [ttyS0] enabled
[    0.700185] mousedev: PS/2 mouse device common for all mice
[    0.745232] Warning: unable to open an initial console.
[    0.783560] Freeing unused kernel memory: 544K
[    0.784007] This architecture does not have kernel memory protection.
[    0.784555] Run /init as init process

Boot took 1.04 seconds



BusyBox v1.31.1 (2020-05-27 17:49:40 CST) built-in shell (ash)

# ls 
bin   dev   etc   init  proc  sbin  sys   usr
# ls bin
busybox  echo     ls       mount    sh
# 

