$ spike -p4 obj/bbl/bbl
bbl loader
              vvvvvvvvvvvvvvvvvvvvvvvvvvvvvvvv
                  vvvvvvvvvvvvvvvvvvvvvvvvvvvv
rrrrrrrrrrrrr       vvvvvvvvvvvvvvvvvvvvvvvvvv
rrrrrrrrrrrrrrrr      vvvvvvvvvvvvvvvvvvvvvvvv
rrrrrrrrrrrrrrrrrr    vvvvvvvvvvvvvvvvvvvvvvvv
rrrrrrrrrrrrrrrrrr    vvvvvvvvvvvvvvvvvvvvvvvv
rrrrrrrrrrrrrrrrrr    vvvvvvvvvvvvvvvvvvvvvvvv
rrrrrrrrrrrrrrrr      vvvvvvvvvvvvvvvvvvvvvv  
rrrrrrrrrrrrr       vvvvvvvvvvvvvvvvvvvvvv    
rr                vvvvvvvvvvvvvvvvvvvvvv      
rr            vvvvvvvvvvvvvvvvvvvvvvvv      rr
rrrr      vvvvvvvvvvvvvvvvvvvvvvvvvv      rrrr
rrrrrr      vvvvvvvvvvvvvvvvvvvvvv      rrrrrr
rrrrrrrr      vvvvvvvvvvvvvvvvvv      rrrrrrrr
rrrrrrrrrr      vvvvvvvvvvvvvv      rrrrrrrrrr
rrrrrrrrrrrr      vvvvvvvvvv      rrrrrrrrrrrr
rrrrrrrrrrrrrr      vvvvvv      rrrrrrrrrrrrrr
rrrrrrrrrrrrrrrr      vv      rrrrrrrrrrrrrrrr
rrrrrrrrrrrrrrrrrr          rrrrrrrrrrrrrrrrrr
rrrrrrrrrrrrrrrrrrrr      rrrrrrrrrrrrrrrrrrrr
rrrrrrrrrrrrrrrrrrrrrr  rrrrrrrrrrrrrrrrrrrrrr

       INSTRUCTION SETS WANT TO BE FREE
[    0.000000] OF: fdt: Ignoring memory range 0x80000000 - 0x80200000
[    0.000000] Linux version 5.6.14 () (gcc version 9.2.0 (GCC)) #1 SMP Thu Jun 4 10:27:25 CST 2020
[    0.000000] earlycon: sbi0 at I/O port 0x0 (options '')
[    0.000000] printk: bootconsole [sbi0] enabled
[    0.000000] initrd not found or empty - disabling initrd
[    0.000000] Zone ranges:
[    0.000000]   DMA32    [mem 0x0000000080200000-0x00000000ffffffff]
[    0.000000]   Normal   empty
[    0.000000] Movable zone start for each node
[    0.000000] Early memory node ranges
[    0.000000]   node   0: [mem 0x0000000080200000-0x00000000ffffffff]
[    0.000000] Initmem setup node 0 [mem 0x0000000080200000-0x00000000ffffffff]
[    0.000000] software IO TLB: mapped [mem 0xfa3fb000-0xfe3fb000] (64MB)
[    0.000000] elf_hwcap is 0x112d
[    0.000000] percpu: Embedded 17 pages/cpu s29336 r8192 d32104 u69632
[    0.000000] Built 1 zonelists, mobility grouping on.  Total pages: 516615
[    0.000000] Kernel command line: console=hvc0 earlycon=sbi
[    0.000000] Dentry cache hash table entries: 262144 (order: 9, 2097152 bytes, linear)
[    0.000000] Inode-cache hash table entries: 131072 (order: 8, 1048576 bytes, linear)
[    0.000000] Sorting __ex_table...
[    0.000000] mem auto-init: stack:off, heap alloc:off, heap free:off
[    0.000000] Memory: 1993156K/2095104K available (2205K kernel code, 209K rwdata, 774K rodata, 544K init, 239K bss, 101948K reserved, 0K cma-reserved)
[    0.000000] Virtual kernel memory layout:
[    0.000000]       fixmap : 0xffffffcefee00000 - 0xffffffceff000000   (2048 kB)
[    0.000000]       pci io : 0xffffffceff000000 - 0xffffffcf00000000   (  16 MB)
[    0.000000]      vmemmap : 0xffffffcf00000000 - 0xffffffcfffffffff   (4095 MB)
[    0.000000]      vmalloc : 0xffffffd000000000 - 0xffffffdfffffffff   (65535 MB)
[    0.000000]       lowmem : 0xffffffe000000000 - 0xffffffe07fe00000   (2046 MB)
[    0.000000] SLUB: HWalign=64, Order=0-3, MinObjects=0, CPUs=4, Nodes=1
[    0.000000] rcu: Hierarchical RCU implementation.
[    0.000000] rcu: 	RCU restricting CPUs from NR_CPUS=8 to nr_cpu_ids=4.
[    0.000000] rcu: 	RCU debug extended QS entry/exit.
[    0.000000] rcu: RCU calculated value of scheduler-enlistment delay is 25 jiffies.
[    0.000000] rcu: Adjusting geometry for rcu_fanout_leaf=16, nr_cpu_ids=4
[    0.000000] NR_IRQS: 0, nr_irqs: 0, preallocated irqs: 0
[    0.000000] riscv_timer_init_dt: Registering clocksource cpuid [0] hartid [0]
[    0.000000] clocksource: riscv_clocksource: mask: 0xffffffffffffffff max_cycles: 0x24e6a1710, max_idle_ns: 440795202120 ns
[    0.000005] sched_clock: 64 bits at 10MHz, resolution 100ns, wraps every 4398046511100ns
[    0.000545] Console: colour dummy device 80x25
[    0.000805] printk: console [hvc0] enabled
[    0.000805] printk: console [hvc0] enabled
[    0.001280] printk: bootconsole [sbi0] disabled
[    0.001280] printk: bootconsole [sbi0] disabled
[    0.001815] Calibrating delay loop (skipped), value calculated using timer frequency.. 20.00 BogoMIPS (lpj=40000)
[    0.002415] pid_max: default: 32768 minimum: 301
[    0.002785] Mount-cache hash table entries: 4096 (order: 3, 32768 bytes, linear)
[    0.003225] Mountpoint-cache hash table entries: 4096 (order: 3, 32768 bytes, linear)
[    0.004660] rcu: Hierarchical SRCU implementation.
[    0.005335] smp: Bringing up secondary CPUs ...
[    0.007125] smp: Brought up 1 node, 4 CPUs
[    0.007730] devtmpfs: initialized
[    0.008375] random: get_random_u32 called from bucket_table_alloc.isra.0+0x4a/0x144 with crng_init=0
[    0.008435] clocksource: jiffies: mask: 0xffffffff max_cycles: 0xffffffff, max_idle_ns: 7645041785100000 ns
[    0.009560] futex hash table entries: 1024 (order: 4, 65536 bytes, linear)
[    0.014660] clocksource: Switched to clocksource riscv_clocksource
[    0.036265] workingset: timestamp_bits=62 max_order=19 bucket_order=0
[    0.040240] Block layer SCSI generic (bsg) driver version 0.4 loaded (major 254)
[    0.040670] io scheduler mq-deadline registered
[    0.040935] io scheduler kyber registered
[    0.106065] Serial: 8250/16550 driver, 4 ports, IRQ sharing disabled
[    0.107610] mousedev: PS/2 mouse device common for all mice
[    0.113825] Warning: unable to open an initial console.
[    0.114250] Freeing unused kernel memory: 544K
[    0.114510] This architecture does not have kernel memory protection.
[    0.114930] Run /init as init process

Boot took 0.11 seconds



BusyBox v1.31.1 (2020-06-04 10:26:12 CST) built-in shell (ash)

# ls dev
ls dev
ttyS0
# cat /proc/cpuinfo
cat /proc/cpuinfo
processor	: 0
hart		: 0
isa		: rv64imafdc
mmu		: sv48

processor	: 1
hart		: 1
isa		: rv64imafdc
mmu		: sv48

processor	: 2
hart		: 2
isa		: rv64imafdc
mmu		: sv48

processor	: 3
hart		: 3
isa		: rv64imafdc
mmu		: sv48


